Archive member included to satisfy reference by file (symbol)

d:/programs/st/stm32cubeide_1.4.0/stm32cubeide/plugins/com.st.stm32cube.ide.mcu.externaltools.gnu-tools-for-stm32.7-2018-q2-update.win32_1.4.0.202007081208/tools/bin/../lib/gcc/arm-none-eabi/7.3.1/../../../../arm-none-eabi/lib/thumb/v7e-m/fpv4-sp/hard\libc_nano.a(lib_a-errno.o)
                              Core/Src/syscalls.o (__errno)
d:/programs/st/stm32cubeide_1.4.0/stm32cubeide/plugins/com.st.stm32cube.ide.mcu.externaltools.gnu-tools-for-stm32.7-2018-q2-update.win32_1.4.0.202007081208/tools/bin/../lib/gcc/arm-none-eabi/7.3.1/../../../../arm-none-eabi/lib/thumb/v7e-m/fpv4-sp/hard\libc_nano.a(lib_a-exit.o)
                              d:/programs/st/stm32cubeide_1.4.0/stm32cubeide/plugins/com.st.stm32cube.ide.mcu.externaltools.gnu-tools-for-stm32.7-2018-q2-update.win32_1.4.0.202007081208/tools/bin/../lib/gcc/arm-none-eabi/7.3.1/../../../../arm-none-eabi/lib/thumb/v7e-m/fpv4-sp/hard/crt0.o (exit)
d:/programs/st/stm32cubeide_1.4.0/stm32cubeide/plugins/com.st.stm32cube.ide.mcu.externaltools.gnu-tools-for-stm32.7-2018-q2-update.win32_1.4.0.202007081208/tools/bin/../lib/gcc/arm-none-eabi/7.3.1/../../../../arm-none-eabi/lib/thumb/v7e-m/fpv4-sp/hard\libc_nano.a(lib_a-impure.o)
                              d:/programs/st/stm32cubeide_1.4.0/stm32cubeide/plugins/com.st.stm32cube.ide.mcu.externaltools.gnu-tools-for-stm32.7-2018-q2-update.win32_1.4.0.202007081208/tools/bin/../lib/gcc/arm-none-eabi/7.3.1/../../../../arm-none-eabi/lib/thumb/v7e-m/fpv4-sp/hard\libc_nano.a(lib_a-exit.o) (_global_impure_ptr)
d:/programs/st/stm32cubeide_1.4.0/stm32cubeide/plugins/com.st.stm32cube.ide.mcu.externaltools.gnu-tools-for-stm32.7-2018-q2-update.win32_1.4.0.202007081208/tools/bin/../lib/gcc/arm-none-eabi/7.3.1/../../../../arm-none-eabi/lib/thumb/v7e-m/fpv4-sp/hard\libc_nano.a(lib_a-init.o)
                              d:/programs/st/stm32cubeide_1.4.0/stm32cubeide/plugins/com.st.stm32cube.ide.mcu.externaltools.gnu-tools-for-stm32.7-2018-q2-update.win32_1.4.0.202007081208/tools/bin/../lib/gcc/arm-none-eabi/7.3.1/../../../../arm-none-eabi/lib/thumb/v7e-m/fpv4-sp/hard/crt0.o (__libc_init_array)
d:/programs/st/stm32cubeide_1.4.0/stm32cubeide/plugins/com.st.stm32cube.ide.mcu.externaltools.gnu-tools-for-stm32.7-2018-q2-update.win32_1.4.0.202007081208/tools/bin/../lib/gcc/arm-none-eabi/7.3.1/../../../../arm-none-eabi/lib/thumb/v7e-m/fpv4-sp/hard\libc_nano.a(lib_a-memcpy-stub.o)
                              ThirdParty/FreeRTOS/queue.o (memcpy)
d:/programs/st/stm32cubeide_1.4.0/stm32cubeide/plugins/com.st.stm32cube.ide.mcu.externaltools.gnu-tools-for-stm32.7-2018-q2-update.win32_1.4.0.202007081208/tools/bin/../lib/gcc/arm-none-eabi/7.3.1/../../../../arm-none-eabi/lib/thumb/v7e-m/fpv4-sp/hard\libc_nano.a(lib_a-memset.o)
                              d:/programs/st/stm32cubeide_1.4.0/stm32cubeide/plugins/com.st.stm32cube.ide.mcu.externaltools.gnu-tools-for-stm32.7-2018-q2-update.win32_1.4.0.202007081208/tools/bin/../lib/gcc/arm-none-eabi/7.3.1/../../../../arm-none-eabi/lib/thumb/v7e-m/fpv4-sp/hard/crt0.o (memset)
d:/programs/st/stm32cubeide_1.4.0/stm32cubeide/plugins/com.st.stm32cube.ide.mcu.externaltools.gnu-tools-for-stm32.7-2018-q2-update.win32_1.4.0.202007081208/tools/bin/../lib/gcc/arm-none-eabi/7.3.1/thumb/v7e-m/fpv4-sp/hard\libgcc.a(_aeabi_uldivmod.o)
                              Drivers/STM32F4xx_HAL_Driver/Src/stm32f4xx_hal_rcc.o (__aeabi_uldivmod)
d:/programs/st/stm32cubeide_1.4.0/stm32cubeide/plugins/com.st.stm32cube.ide.mcu.externaltools.gnu-tools-for-stm32.7-2018-q2-update.win32_1.4.0.202007081208/tools/bin/../lib/gcc/arm-none-eabi/7.3.1/thumb/v7e-m/fpv4-sp/hard\libgcc.a(_udivmoddi4.o)
                              d:/programs/st/stm32cubeide_1.4.0/stm32cubeide/plugins/com.st.stm32cube.ide.mcu.externaltools.gnu-tools-for-stm32.7-2018-q2-update.win32_1.4.0.202007081208/tools/bin/../lib/gcc/arm-none-eabi/7.3.1/thumb/v7e-m/fpv4-sp/hard\libgcc.a(_aeabi_uldivmod.o) (__udivmoddi4)
d:/programs/st/stm32cubeide_1.4.0/stm32cubeide/plugins/com.st.stm32cube.ide.mcu.externaltools.gnu-tools-for-stm32.7-2018-q2-update.win32_1.4.0.202007081208/tools/bin/../lib/gcc/arm-none-eabi/7.3.1/thumb/v7e-m/fpv4-sp/hard\libgcc.a(_dvmd_tls.o)
                              d:/programs/st/stm32cubeide_1.4.0/stm32cubeide/plugins/com.st.stm32cube.ide.mcu.externaltools.gnu-tools-for-stm32.7-2018-q2-update.win32_1.4.0.202007081208/tools/bin/../lib/gcc/arm-none-eabi/7.3.1/thumb/v7e-m/fpv4-sp/hard\libgcc.a(_aeabi_uldivmod.o) (__aeabi_ldiv0)

Allocating common symbols
Common symbol       size              file

uwTick              0x4               Drivers/STM32F4xx_HAL_Driver/Src/stm32f4xx_hal.o
xQueueRegistry      0x40              ThirdParty/FreeRTOS/queue.o
pFlash              0x20              Drivers/STM32F4xx_HAL_Driver/Src/stm32f4xx_hal_flash.o
htim6               0x40              Core/Src/stm32f4xx_hal_timebase_tim.o

Discarded input sections

[...]
Memory Configuration

Name             Origin             Length             Attributes
CCMRAM           0x0000000010000000 0x0000000000010000 xrw
RAM              0x0000000020000000 0x0000000000020000 xrw
FLASH            0x0000000008000000 0x0000000000100000 xr
*default*        0x0000000000000000 0xffffffffffffffff

Linker script and memory map

LOAD d:/programs/st/stm32cubeide_1.4.0/stm32cubeide/plugins/com.st.stm32cube.ide.mcu.externaltools.gnu-tools-for-stm32.7-2018-q2-update.win32_1.4.0.202007081208/tools/bin/../lib/gcc/arm-none-eabi/7.3.1/thumb/v7e-m/fpv4-sp/hard/crti.o
LOAD d:/programs/st/stm32cubeide_1.4.0/stm32cubeide/plugins/com.st.stm32cube.ide.mcu.externaltools.gnu-tools-for-stm32.7-2018-q2-update.win32_1.4.0.202007081208/tools/bin/../lib/gcc/arm-none-eabi/7.3.1/thumb/v7e-m/fpv4-sp/hard/crtbegin.o
LOAD d:/programs/st/stm32cubeide_1.4.0/stm32cubeide/plugins/com.st.stm32cube.ide.mcu.externaltools.gnu-tools-for-stm32.7-2018-q2-update.win32_1.4.0.202007081208/tools/bin/../lib/gcc/arm-none-eabi/7.3.1/../../../../arm-none-eabi/lib/thumb/v7e-m/fpv4-sp/hard/crt0.o
LOAD Core/Src/main.o
LOAD Core/Src/stm32f4xx_hal_msp.o
LOAD Core/Src/stm32f4xx_hal_timebase_tim.o
LOAD Core/Src/stm32f4xx_it.o
LOAD Core/Src/syscalls.o
LOAD Core/Src/system_stm32f4xx.o
LOAD Core/Startup/startup_stm32f407vgtx.o
LOAD Drivers/STM32F4xx_HAL_Driver/Src/stm32f4xx_hal.o
LOAD Drivers/STM32F4xx_HAL_Driver/Src/stm32f4xx_hal_cortex.o
LOAD Drivers/STM32F4xx_HAL_Driver/Src/stm32f4xx_hal_dma.o
LOAD Drivers/STM32F4xx_HAL_Driver/Src/stm32f4xx_hal_dma_ex.o
LOAD Drivers/STM32F4xx_HAL_Driver/Src/stm32f4xx_hal_exti.o
LOAD Drivers/STM32F4xx_HAL_Driver/Src/stm32f4xx_hal_flash.o
LOAD Drivers/STM32F4xx_HAL_Driver/Src/stm32f4xx_hal_flash_ex.o
LOAD Drivers/STM32F4xx_HAL_Driver/Src/stm32f4xx_hal_flash_ramfunc.o
LOAD Drivers/STM32F4xx_HAL_Driver/Src/stm32f4xx_hal_gpio.o
LOAD Drivers/STM32F4xx_HAL_Driver/Src/stm32f4xx_hal_pwr.o
LOAD Drivers/STM32F4xx_HAL_Driver/Src/stm32f4xx_hal_pwr_ex.o
LOAD Drivers/STM32F4xx_HAL_Driver/Src/stm32f4xx_hal_rcc.o
LOAD Drivers/STM32F4xx_HAL_Driver/Src/stm32f4xx_hal_rcc_ex.o
LOAD Drivers/STM32F4xx_HAL_Driver/Src/stm32f4xx_hal_tim.o
LOAD Drivers/STM32F4xx_HAL_Driver/Src/stm32f4xx_hal_tim_ex.o
LOAD ThirdParty/FreeRTOS/croutine.o
LOAD ThirdParty/FreeRTOS/event_groups.o
LOAD ThirdParty/FreeRTOS/list.o
LOAD ThirdParty/FreeRTOS/queue.o
LOAD ThirdParty/FreeRTOS/stream_buffer.o
LOAD ThirdParty/FreeRTOS/tasks.o
LOAD ThirdParty/FreeRTOS/timers.o
LOAD ThirdParty/FreeRTOS/portable/GCC/ARM_CM4F/port.o
LOAD ThirdParty/FreeRTOS/portable/MemMang/heap_4.o
START GROUP
LOAD d:/programs/st/stm32cubeide_1.4.0/stm32cubeide/plugins/com.st.stm32cube.ide.mcu.externaltools.gnu-tools-for-stm32.7-2018-q2-update.win32_1.4.0.202007081208/tools/bin/../lib/gcc/arm-none-eabi/7.3.1/../../../../arm-none-eabi/lib/thumb/v7e-m/fpv4-sp/hard\libc_nano.a
LOAD d:/programs/st/stm32cubeide_1.4.0/stm32cubeide/plugins/com.st.stm32cube.ide.mcu.externaltools.gnu-tools-for-stm32.7-2018-q2-update.win32_1.4.0.202007081208/tools/bin/../lib/gcc/arm-none-eabi/7.3.1/../../../../arm-none-eabi/lib/thumb/v7e-m/fpv4-sp/hard\libm.a
END GROUP
START GROUP
LOAD d:/programs/st/stm32cubeide_1.4.0/stm32cubeide/plugins/com.st.stm32cube.ide.mcu.externaltools.gnu-tools-for-stm32.7-2018-q2-update.win32_1.4.0.202007081208/tools/bin/../lib/gcc/arm-none-eabi/7.3.1/thumb/v7e-m/fpv4-sp/hard\libgcc.a
LOAD d:/programs/st/stm32cubeide_1.4.0/stm32cubeide/plugins/com.st.stm32cube.ide.mcu.externaltools.gnu-tools-for-stm32.7-2018-q2-update.win32_1.4.0.202007081208/tools/bin/../lib/gcc/arm-none-eabi/7.3.1/../../../../arm-none-eabi/lib/thumb/v7e-m/fpv4-sp/hard\libc_nano.a
END GROUP
START GROUP
LOAD d:/programs/st/stm32cubeide_1.4.0/stm32cubeide/plugins/com.st.stm32cube.ide.mcu.externaltools.gnu-tools-for-stm32.7-2018-q2-update.win32_1.4.0.202007081208/tools/bin/../lib/gcc/arm-none-eabi/7.3.1/thumb/v7e-m/fpv4-sp/hard\libgcc.a
LOAD d:/programs/st/stm32cubeide_1.4.0/stm32cubeide/plugins/com.st.stm32cube.ide.mcu.externaltools.gnu-tools-for-stm32.7-2018-q2-update.win32_1.4.0.202007081208/tools/bin/../lib/gcc/arm-none-eabi/7.3.1/../../../../arm-none-eabi/lib/thumb/v7e-m/fpv4-sp/hard\libc_nano.a
LOAD d:/programs/st/stm32cubeide_1.4.0/stm32cubeide/plugins/com.st.stm32cube.ide.mcu.externaltools.gnu-tools-for-stm32.7-2018-q2-update.win32_1.4.0.202007081208/tools/bin/../lib/gcc/arm-none-eabi/7.3.1/../../../../arm-none-eabi/lib/thumb/v7e-m/fpv4-sp/hard\libnosys.a
END GROUP
START GROUP
LOAD d:/programs/st/stm32cubeide_1.4.0/stm32cubeide/plugins/com.st.stm32cube.ide.mcu.externaltools.gnu-tools-for-stm32.7-2018-q2-update.win32_1.4.0.202007081208/tools/bin/../lib/gcc/arm-none-eabi/7.3.1/thumb/v7e-m/fpv4-sp/hard\libgcc.a
LOAD d:/programs/st/stm32cubeide_1.4.0/stm32cubeide/plugins/com.st.stm32cube.ide.mcu.externaltools.gnu-tools-for-stm32.7-2018-q2-update.win32_1.4.0.202007081208/tools/bin/../lib/gcc/arm-none-eabi/7.3.1/../../../../arm-none-eabi/lib/thumb/v7e-m/fpv4-sp/hard\libc_nano.a
LOAD d:/programs/st/stm32cubeide_1.4.0/stm32cubeide/plugins/com.st.stm32cube.ide.mcu.externaltools.gnu-tools-for-stm32.7-2018-q2-update.win32_1.4.0.202007081208/tools/bin/../lib/gcc/arm-none-eabi/7.3.1/../../../../arm-none-eabi/lib/thumb/v7e-m/fpv4-sp/hard\libnosys.a
END GROUP
LOAD d:/programs/st/stm32cubeide_1.4.0/stm32cubeide/plugins/com.st.stm32cube.ide.mcu.externaltools.gnu-tools-for-stm32.7-2018-q2-update.win32_1.4.0.202007081208/tools/bin/../lib/gcc/arm-none-eabi/7.3.1/thumb/v7e-m/fpv4-sp/hard/crtend.o
LOAD d:/programs/st/stm32cubeide_1.4.0/stm32cubeide/plugins/com.st.stm32cube.ide.mcu.externaltools.gnu-tools-for-stm32.7-2018-q2-update.win32_1.4.0.202007081208/tools/bin/../lib/gcc/arm-none-eabi/7.3.1/thumb/v7e-m/fpv4-sp/hard/crtn.o
                0x0000000020020000                _estack = (ORIGIN (RAM) + LENGTH (RAM))
                0x0000000000000200                _Min_Heap_Size = 0x200
                0x0000000000000400                _Min_Stack_Size = 0x400

.isr_vector     0x0000000008000000      0x188
                0x0000000008000000                . = ALIGN (0x4)
 *(.isr_vector)
 .isr_vector    0x0000000008000000      0x188 Core/Startup/startup_stm32f407vgtx.o
                0x0000000008000000                g_pfnVectors
                0x0000000008000188                . = ALIGN (0x4)

.text           0x0000000008000190     0x19c8
                0x0000000008000190                . = ALIGN (0x4)
 *(.text)
 .text          0x0000000008000190       0x40 d:/programs/st/stm32cubeide_1.4.0/stm32cubeide/plugins/com.st.stm32cube.ide.mcu.externaltools.gnu-tools-for-stm32.7-2018-q2-update.win32_1.4.0.202007081208/tools/bin/../lib/gcc/arm-none-eabi/7.3.1/thumb/v7e-m/fpv4-sp/hard/crtbegin.o
 .text          0x00000000080001d0       0x30 d:/programs/st/stm32cubeide_1.4.0/stm32cubeide/plugins/com.st.stm32cube.ide.mcu.externaltools.gnu-tools-for-stm32.7-2018-q2-update.win32_1.4.0.202007081208/tools/bin/../lib/gcc/arm-none-eabi/7.3.1/thumb/v7e-m/fpv4-sp/hard\libgcc.a(_aeabi_uldivmod.o)
                0x00000000080001d0                __aeabi_uldivmod
 .text          0x0000000008000200      0x2cc d:/programs/st/stm32cubeide_1.4.0/stm32cubeide/plugins/com.st.stm32cube.ide.mcu.externaltools.gnu-tools-for-stm32.7-2018-q2-update.win32_1.4.0.202007081208/tools/bin/../lib/gcc/arm-none-eabi/7.3.1/thumb/v7e-m/fpv4-sp/hard\libgcc.a(_udivmoddi4.o)
                0x0000000008000200                __udivmoddi4
 .text          0x00000000080004cc        0x4 d:/programs/st/stm32cubeide_1.4.0/stm32cubeide/plugins/com.st.stm32cube.ide.mcu.externaltools.gnu-tools-for-stm32.7-2018-q2-update.win32_1.4.0.202007081208/tools/bin/../lib/gcc/arm-none-eabi/7.3.1/thumb/v7e-m/fpv4-sp/hard\libgcc.a(_dvmd_tls.o)
                0x00000000080004cc                __aeabi_idiv0
                0x00000000080004cc                __aeabi_ldiv0
 *(.text*)
 .text.main     0x00000000080004d0        0xe Core/Src/main.o
                0x00000000080004d0                main
 *fill*         0x00000000080004de        0x2 
 .text.SystemClock_Config
                0x00000000080004e0       0xbc Core/Src/main.o
                0x00000000080004e0                SystemClock_Config
 .text.HAL_TIM_PeriodElapsedCallback
                0x000000000800059c       0x24 Core/Src/main.o
                0x000000000800059c                HAL_TIM_PeriodElapsedCallback
 .text.Error_Handler
                0x00000000080005c0        0xe Core/Src/main.o
                0x00000000080005c0                Error_Handler
 *fill*         0x00000000080005ce        0x2 
 .text.HAL_MspInit
                0x00000000080005d0       0x50 Core/Src/stm32f4xx_hal_msp.o
                0x00000000080005d0                HAL_MspInit
 .text.HAL_InitTick
                0x0000000008000620       0xb0 Core/Src/stm32f4xx_hal_timebase_tim.o
                0x0000000008000620                HAL_InitTick
 .text.NMI_Handler
                0x00000000080006d0        0xe Core/Src/stm32f4xx_it.o
                0x00000000080006d0                NMI_Handler
 .text.HardFault_Handler
                0x00000000080006de        0x6 Core/Src/stm32f4xx_it.o
                0x00000000080006de                HardFault_Handler
 .text.MemManage_Handler
                0x00000000080006e4        0x6 Core/Src/stm32f4xx_it.o
                0x00000000080006e4                MemManage_Handler
 .text.BusFault_Handler
                0x00000000080006ea        0x6 Core/Src/stm32f4xx_it.o
                0x00000000080006ea                BusFault_Handler
 .text.UsageFault_Handler
                0x00000000080006f0        0x6 Core/Src/stm32f4xx_it.o
                0x00000000080006f0                UsageFault_Handler
 .text.DebugMon_Handler
                0x00000000080006f6        0xe Core/Src/stm32f4xx_it.o
                0x00000000080006f6                DebugMon_Handler
 .text.TIM6_DAC_IRQHandler
                0x0000000008000704       0x14 Core/Src/stm32f4xx_it.o
                0x0000000008000704                TIM6_DAC_IRQHandler
 .text.SystemInit
                0x0000000008000718       0x2c Core/Src/system_stm32f4xx.o
                0x0000000008000718                SystemInit
 .text.Reset_Handler
                0x0000000008000744       0x50 Core/Startup/startup_stm32f407vgtx.o
                0x0000000008000744                Reset_Handler
 .text.Default_Handler
                0x0000000008000794        0x2 Core/Startup/startup_stm32f407vgtx.o
                0x0000000008000794                RTC_Alarm_IRQHandler
                0x0000000008000794                HASH_RNG_IRQHandler
                0x0000000008000794                EXTI2_IRQHandler
                0x0000000008000794                TIM8_CC_IRQHandler
                0x0000000008000794                TIM1_CC_IRQHandler
                0x0000000008000794                DMA2_Stream5_IRQHandler
                0x0000000008000794                DMA1_Stream5_IRQHandler
                0x0000000008000794                PVD_IRQHandler
                0x0000000008000794                SDIO_IRQHandler
                0x0000000008000794                TAMP_STAMP_IRQHandler
                0x0000000008000794                CAN2_RX1_IRQHandler
                0x0000000008000794                EXTI3_IRQHandler
                0x0000000008000794                TIM8_TRG_COM_TIM14_IRQHandler
                0x0000000008000794                TIM1_UP_TIM10_IRQHandler
                0x0000000008000794                TIM8_UP_TIM13_IRQHandler
                0x0000000008000794                I2C3_ER_IRQHandler
                0x0000000008000794                EXTI0_IRQHandler
                0x0000000008000794                I2C2_EV_IRQHandler
                0x0000000008000794                DMA1_Stream2_IRQHandler
                0x0000000008000794                CAN1_RX0_IRQHandler
                0x0000000008000794                FPU_IRQHandler
                0x0000000008000794                OTG_HS_WKUP_IRQHandler
                0x0000000008000794                CAN2_SCE_IRQHandler
                0x0000000008000794                DMA2_Stream2_IRQHandler
                0x0000000008000794                SPI1_IRQHandler
                0x0000000008000794                TIM1_BRK_TIM9_IRQHandler
                0x0000000008000794                DCMI_IRQHandler
                0x0000000008000794                CAN2_RX0_IRQHandler
                0x0000000008000794                DMA2_Stream3_IRQHandler
                0x0000000008000794                USART6_IRQHandler
                0x0000000008000794                USART3_IRQHandler
                0x0000000008000794                CAN1_RX1_IRQHandler
                0x0000000008000794                UART5_IRQHandler
                0x0000000008000794                DMA2_Stream0_IRQHandler
                0x0000000008000794                TIM4_IRQHandler
                0x0000000008000794                I2C1_EV_IRQHandler
                0x0000000008000794                DMA1_Stream6_IRQHandler
                0x0000000008000794                DMA1_Stream1_IRQHandler
                0x0000000008000794                UART4_IRQHandler
                0x0000000008000794                TIM3_IRQHandler
                0x0000000008000794                RCC_IRQHandler
                0x0000000008000794                TIM8_BRK_TIM12_IRQHandler
                0x0000000008000794                Default_Handler
                0x0000000008000794                EXTI15_10_IRQHandler
                0x0000000008000794                ADC_IRQHandler
                0x0000000008000794                DMA1_Stream7_IRQHandler
                0x0000000008000794                TIM7_IRQHandler
                0x0000000008000794                CAN2_TX_IRQHandler
                0x0000000008000794                TIM5_IRQHandler
                0x0000000008000794                DMA2_Stream7_IRQHandler
                0x0000000008000794                I2C3_EV_IRQHandler
                0x0000000008000794                EXTI9_5_IRQHandler
                0x0000000008000794                RTC_WKUP_IRQHandler
                0x0000000008000794                ETH_WKUP_IRQHandler
                0x0000000008000794                SPI2_IRQHandler
                0x0000000008000794                OTG_HS_EP1_IN_IRQHandler
                0x0000000008000794                DMA1_Stream0_IRQHandler
                0x0000000008000794                CAN1_TX_IRQHandler
                0x0000000008000794                EXTI4_IRQHandler
                0x0000000008000794                FSMC_IRQHandler
                0x0000000008000794                ETH_IRQHandler
                0x0000000008000794                OTG_HS_EP1_OUT_IRQHandler
                0x0000000008000794                WWDG_IRQHandler
                0x0000000008000794                TIM2_IRQHandler
                0x0000000008000794                OTG_FS_WKUP_IRQHandler
                0x0000000008000794                TIM1_TRG_COM_TIM11_IRQHandler
                0x0000000008000794                OTG_HS_IRQHandler
                0x0000000008000794                EXTI1_IRQHandler
                0x0000000008000794                USART2_IRQHandler
                0x0000000008000794                I2C2_ER_IRQHandler
                0x0000000008000794                DMA2_Stream1_IRQHandler
                0x0000000008000794                CAN1_SCE_IRQHandler
                0x0000000008000794                FLASH_IRQHandler
                0x0000000008000794                DMA2_Stream4_IRQHandler
                0x0000000008000794                USART1_IRQHandler
                0x0000000008000794                OTG_FS_IRQHandler
                0x0000000008000794                SPI3_IRQHandler
                0x0000000008000794                DMA1_Stream4_IRQHandler
                0x0000000008000794                I2C1_ER_IRQHandler
                0x0000000008000794                DMA2_Stream6_IRQHandler
                0x0000000008000794                DMA1_Stream3_IRQHandler
 *fill*         0x0000000008000796        0x2 
 .text.HAL_Init
                0x0000000008000798       0x44 Drivers/STM32F4xx_HAL_Driver/Src/stm32f4xx_hal.o
                0x0000000008000798                HAL_Init
 .text.HAL_IncTick
                0x00000000080007dc       0x28 Drivers/STM32F4xx_HAL_Driver/Src/stm32f4xx_hal.o
                0x00000000080007dc                HAL_IncTick
 .text.HAL_GetTick
                0x0000000008000804       0x18 Drivers/STM32F4xx_HAL_Driver/Src/stm32f4xx_hal.o
                0x0000000008000804                HAL_GetTick
 .text.__NVIC_SetPriorityGrouping
                0x000000000800081c       0x48 Drivers/STM32F4xx_HAL_Driver/Src/stm32f4xx_hal_cortex.o
 .text.__NVIC_GetPriorityGrouping
                0x0000000008000864       0x1c Drivers/STM32F4xx_HAL_Driver/Src/stm32f4xx_hal_cortex.o
 .text.__NVIC_EnableIRQ
                0x0000000008000880       0x3c Drivers/STM32F4xx_HAL_Driver/Src/stm32f4xx_hal_cortex.o
 .text.__NVIC_SetPriority
                0x00000000080008bc       0x54 Drivers/STM32F4xx_HAL_Driver/Src/stm32f4xx_hal_cortex.o
 .text.NVIC_EncodePriority
                0x0000000008000910       0x66 Drivers/STM32F4xx_HAL_Driver/Src/stm32f4xx_hal_cortex.o
 .text.HAL_NVIC_SetPriorityGrouping
                0x0000000008000976       0x16 Drivers/STM32F4xx_HAL_Driver/Src/stm32f4xx_hal_cortex.o
                0x0000000008000976                HAL_NVIC_SetPriorityGrouping
 .text.HAL_NVIC_SetPriority
                0x000000000800098c       0x38 Drivers/STM32F4xx_HAL_Driver/Src/stm32f4xx_hal_cortex.o
                0x000000000800098c                HAL_NVIC_SetPriority
 .text.HAL_NVIC_EnableIRQ
                0x00000000080009c4       0x1c Drivers/STM32F4xx_HAL_Driver/Src/stm32f4xx_hal_cortex.o
                0x00000000080009c4                HAL_NVIC_EnableIRQ
 .text.HAL_RCC_OscConfig
                0x00000000080009e0      0x4e0 Drivers/STM32F4xx_HAL_Driver/Src/stm32f4xx_hal_rcc.o
                0x00000000080009e0                HAL_RCC_OscConfig
 .text.HAL_RCC_ClockConfig
                0x0000000008000ec0      0x1cc Drivers/STM32F4xx_HAL_Driver/Src/stm32f4xx_hal_rcc.o
                0x0000000008000ec0                HAL_RCC_ClockConfig
 .text.HAL_RCC_GetSysClockFreq
                0x000000000800108c      0x164 Drivers/STM32F4xx_HAL_Driver/Src/stm32f4xx_hal_rcc.o
                0x000000000800108c                HAL_RCC_GetSysClockFreq
 .text.HAL_RCC_GetHCLKFreq
                0x00000000080011f0       0x18 Drivers/STM32F4xx_HAL_Driver/Src/stm32f4xx_hal_rcc.o
                0x00000000080011f0                HAL_RCC_GetHCLKFreq
 .text.HAL_RCC_GetPCLK1Freq
                0x0000000008001208       0x28 Drivers/STM32F4xx_HAL_Driver/Src/stm32f4xx_hal_rcc.o
                0x0000000008001208                HAL_RCC_GetPCLK1Freq
 .text.HAL_RCC_GetClockConfig
                0x0000000008001230       0x64 Drivers/STM32F4xx_HAL_Driver/Src/stm32f4xx_hal_rcc.o
                0x0000000008001230                HAL_RCC_GetClockConfig
 .text.HAL_TIM_Base_Init
                0x0000000008001294       0x56 Drivers/STM32F4xx_HAL_Driver/Src/stm32f4xx_hal_tim.o
                0x0000000008001294                HAL_TIM_Base_Init
 .text.HAL_TIM_Base_MspInit
                0x00000000080012ea       0x14 Drivers/STM32F4xx_HAL_Driver/Src/stm32f4xx_hal_tim.o
                0x00000000080012ea                HAL_TIM_Base_MspInit
 .text.HAL_TIM_Base_Start_IT
                0x00000000080012fe       0x48 Drivers/STM32F4xx_HAL_Driver/Src/stm32f4xx_hal_tim.o
                0x00000000080012fe                HAL_TIM_Base_Start_IT
 .text.HAL_TIM_IRQHandler
                0x0000000008001346      0x210 Drivers/STM32F4xx_HAL_Driver/Src/stm32f4xx_hal_tim.o
                0x0000000008001346                HAL_TIM_IRQHandler
 .text.HAL_TIM_OC_DelayElapsedCallback
                0x0000000008001556       0x14 Drivers/STM32F4xx_HAL_Driver/Src/stm32f4xx_hal_tim.o
                0x0000000008001556                HAL_TIM_OC_DelayElapsedCallback
 .text.HAL_TIM_IC_CaptureCallback
                0x000000000800156a       0x14 Drivers/STM32F4xx_HAL_Driver/Src/stm32f4xx_hal_tim.o
                0x000000000800156a                HAL_TIM_IC_CaptureCallback
 .text.HAL_TIM_PWM_PulseFinishedCallback
                0x000000000800157e       0x14 Drivers/STM32F4xx_HAL_Driver/Src/stm32f4xx_hal_tim.o
                0x000000000800157e                HAL_TIM_PWM_PulseFinishedCallback
 .text.HAL_TIM_TriggerCallback
                0x0000000008001592       0x14 Drivers/STM32F4xx_HAL_Driver/Src/stm32f4xx_hal_tim.o
                0x0000000008001592                HAL_TIM_TriggerCallback
 *fill*         0x00000000080015a6        0x2 
 .text.TIM_Base_SetConfig
                0x00000000080015a8      0x140 Drivers/STM32F4xx_HAL_Driver/Src/stm32f4xx_hal_tim.o
                0x00000000080015a8                TIM_Base_SetConfig
 .text.HAL_TIMEx_CommutCallback
                0x00000000080016e8       0x14 Drivers/STM32F4xx_HAL_Driver/Src/stm32f4xx_hal_tim_ex.o
                0x00000000080016e8                HAL_TIMEx_CommutCallback
 .text.HAL_TIMEx_BreakCallback
                0x00000000080016fc       0x14 Drivers/STM32F4xx_HAL_Driver/Src/stm32f4xx_hal_tim_ex.o
                0x00000000080016fc                HAL_TIMEx_BreakCallback
 .text.vListInsertEnd
                0x0000000008001710       0x48 ThirdParty/FreeRTOS/list.o
                0x0000000008001710                vListInsertEnd
 .text.uxListRemove
                0x0000000008001758       0x54 ThirdParty/FreeRTOS/list.o
                0x0000000008001758                uxListRemove
 .text.xTaskIncrementTick
                0x00000000080017ac      0x170 ThirdParty/FreeRTOS/tasks.o
                0x00000000080017ac                xTaskIncrementTick
 .text.vTaskSwitchContext
                0x000000000800191c       0xb4 ThirdParty/FreeRTOS/tasks.o
                0x000000000800191c                vTaskSwitchContext
 .text.prvResetNextTaskUnblockTime
                0x00000000080019d0       0x38 ThirdParty/FreeRTOS/tasks.o
 *fill*         0x0000000008001a08        0x8 
 .text.SVC_Handler
                0x0000000008001a10       0x28 ThirdParty/FreeRTOS/portable/GCC/ARM_CM4F/port.o
                0x0000000008001a10                SVC_Handler
 *fill*         0x0000000008001a38        0x8 
 .text.PendSV_Handler
                0x0000000008001a40       0x68 ThirdParty/FreeRTOS/portable/GCC/ARM_CM4F/port.o
                0x0000000008001a40                PendSV_Handler
 .text.SysTick_Handler
                0x0000000008001aa8       0x40 ThirdParty/FreeRTOS/portable/GCC/ARM_CM4F/port.o
                0x0000000008001aa8                SysTick_Handler
 .text.__libc_init_array
                0x0000000008001ae8       0x48 d:/programs/st/stm32cubeide_1.4.0/stm32cubeide/plugins/com.st.stm32cube.ide.mcu.externaltools.gnu-tools-for-stm32.7-2018-q2-update.win32_1.4.0.202007081208/tools/bin/../lib/gcc/arm-none-eabi/7.3.1/../../../../arm-none-eabi/lib/thumb/v7e-m/fpv4-sp/hard\libc_nano.a(lib_a-init.o)
                0x0000000008001ae8                __libc_init_array
 .text.memset   0x0000000008001b30       0x10 d:/programs/st/stm32cubeide_1.4.0/stm32cubeide/plugins/com.st.stm32cube.ide.mcu.externaltools.gnu-tools-for-stm32.7-2018-q2-update.win32_1.4.0.202007081208/tools/bin/../lib/gcc/arm-none-eabi/7.3.1/../../../../arm-none-eabi/lib/thumb/v7e-m/fpv4-sp/hard\libc_nano.a(lib_a-memset.o)
                0x0000000008001b30                memset
 *(.glue_7)
 .glue_7        0x0000000008001b40        0x0 linker stubs
 *(.glue_7t)
 .glue_7t       0x0000000008001b40        0x0 linker stubs
 *(.eh_frame)
 .eh_frame      0x0000000008001b40        0x0 d:/programs/st/stm32cubeide_1.4.0/stm32cubeide/plugins/com.st.stm32cube.ide.mcu.externaltools.gnu-tools-for-stm32.7-2018-q2-update.win32_1.4.0.202007081208/tools/bin/../lib/gcc/arm-none-eabi/7.3.1/thumb/v7e-m/fpv4-sp/hard/crtbegin.o
 *(.init)
 .init          0x0000000008001b40        0x4 d:/programs/st/stm32cubeide_1.4.0/stm32cubeide/plugins/com.st.stm32cube.ide.mcu.externaltools.gnu-tools-for-stm32.7-2018-q2-update.win32_1.4.0.202007081208/tools/bin/../lib/gcc/arm-none-eabi/7.3.1/thumb/v7e-m/fpv4-sp/hard/crti.o
                0x0000000008001b40                _init
 .init          0x0000000008001b44        0x8 d:/programs/st/stm32cubeide_1.4.0/stm32cubeide/plugins/com.st.stm32cube.ide.mcu.externaltools.gnu-tools-for-stm32.7-2018-q2-update.win32_1.4.0.202007081208/tools/bin/../lib/gcc/arm-none-eabi/7.3.1/thumb/v7e-m/fpv4-sp/hard/crtn.o
 *(.fini)
 .fini          0x0000000008001b4c        0x4 d:/programs/st/stm32cubeide_1.4.0/stm32cubeide/plugins/com.st.stm32cube.ide.mcu.externaltools.gnu-tools-for-stm32.7-2018-q2-update.win32_1.4.0.202007081208/tools/bin/../lib/gcc/arm-none-eabi/7.3.1/thumb/v7e-m/fpv4-sp/hard/crti.o
                0x0000000008001b4c                _fini
 .fini          0x0000000008001b50        0x8 d:/programs/st/stm32cubeide_1.4.0/stm32cubeide/plugins/com.st.stm32cube.ide.mcu.externaltools.gnu-tools-for-stm32.7-2018-q2-update.win32_1.4.0.202007081208/tools/bin/../lib/gcc/arm-none-eabi/7.3.1/thumb/v7e-m/fpv4-sp/hard/crtn.o
                0x0000000008001b58                . = ALIGN (0x4)
                0x0000000008001b58                _etext = .

.vfp11_veneer   0x0000000008001b58        0x0
 .vfp11_veneer  0x0000000008001b58        0x0 linker stubs

.v4_bx          0x0000000008001b58        0x0
 .v4_bx         0x0000000008001b58        0x0 linker stubs

.iplt           0x0000000008001b58        0x0
 .iplt          0x0000000008001b58        0x0 d:/programs/st/stm32cubeide_1.4.0/stm32cubeide/plugins/com.st.stm32cube.ide.mcu.externaltools.gnu-tools-for-stm32.7-2018-q2-update.win32_1.4.0.202007081208/tools/bin/../lib/gcc/arm-none-eabi/7.3.1/thumb/v7e-m/fpv4-sp/hard/crtbegin.o

.rodata         0x0000000008001b58       0x18
                0x0000000008001b58                . = ALIGN (0x4)
 *(.rodata)
 *(.rodata*)
 .rodata.AHBPrescTable
                0x0000000008001b58       0x10 Core/Src/system_stm32f4xx.o
                0x0000000008001b58                AHBPrescTable
 .rodata.APBPrescTable
                0x0000000008001b68        0x8 Core/Src/system_stm32f4xx.o
                0x0000000008001b68                APBPrescTable
                0x0000000008001b70                . = ALIGN (0x4)

.ARM.extab      0x0000000008001b70        0x0
                0x0000000008001b70                . = ALIGN (0x4)
 *(.ARM.extab* .gnu.linkonce.armextab.*)
                0x0000000008001b70                . = ALIGN (0x4)

.ARM            0x0000000008001b70        0x8
                0x0000000008001b70                . = ALIGN (0x4)
                0x0000000008001b70                __exidx_start = .
 *(.ARM.exidx*)
 .ARM.exidx     0x0000000008001b70        0x8 d:/programs/st/stm32cubeide_1.4.0/stm32cubeide/plugins/com.st.stm32cube.ide.mcu.externaltools.gnu-tools-for-stm32.7-2018-q2-update.win32_1.4.0.202007081208/tools/bin/../lib/gcc/arm-none-eabi/7.3.1/thumb/v7e-m/fpv4-sp/hard\libgcc.a(_udivmoddi4.o)
                0x0000000008001b78                __exidx_end = .
                0x0000000008001b78                . = ALIGN (0x4)

.rel.dyn        0x0000000008001b78        0x0
 .rel.iplt      0x0000000008001b78        0x0 d:/programs/st/stm32cubeide_1.4.0/stm32cubeide/plugins/com.st.stm32cube.ide.mcu.externaltools.gnu-tools-for-stm32.7-2018-q2-update.win32_1.4.0.202007081208/tools/bin/../lib/gcc/arm-none-eabi/7.3.1/thumb/v7e-m/fpv4-sp/hard/crtbegin.o

.preinit_array  0x0000000008001b78        0x0
                0x0000000008001b78                . = ALIGN (0x4)
                0x0000000008001b78                PROVIDE (__preinit_array_start = .)
 *(.preinit_array*)
                0x0000000008001b78                PROVIDE (__preinit_array_end = .)
                0x0000000008001b78                . = ALIGN (0x4)

.init_array     0x0000000008001b78        0x4
                0x0000000008001b78                . = ALIGN (0x4)
                0x0000000008001b78                PROVIDE (__init_array_start = .)
 *(SORT_BY_NAME(.init_array.*))
 *(.init_array*)
 .init_array    0x0000000008001b78        0x4 d:/programs/st/stm32cubeide_1.4.0/stm32cubeide/plugins/com.st.stm32cube.ide.mcu.externaltools.gnu-tools-for-stm32.7-2018-q2-update.win32_1.4.0.202007081208/tools/bin/../lib/gcc/arm-none-eabi/7.3.1/thumb/v7e-m/fpv4-sp/hard/crtbegin.o
                0x0000000008001b7c                PROVIDE (__init_array_end = .)
                0x0000000008001b7c                . = ALIGN (0x4)

.fini_array     0x0000000008001b7c        0x4
                0x0000000008001b7c                . = ALIGN (0x4)
                [!provide]                        PROVIDE (__fini_array_start = .)
 *(SORT_BY_NAME(.fini_array.*))
 *(.fini_array*)
 .fini_array    0x0000000008001b7c        0x4 d:/programs/st/stm32cubeide_1.4.0/stm32cubeide/plugins/com.st.stm32cube.ide.mcu.externaltools.gnu-tools-for-stm32.7-2018-q2-update.win32_1.4.0.202007081208/tools/bin/../lib/gcc/arm-none-eabi/7.3.1/thumb/v7e-m/fpv4-sp/hard/crtbegin.o
                [!provide]                        PROVIDE (__fini_array_end = .)
                0x0000000008001b80                . = ALIGN (0x4)
                0x0000000008001b80                _sidata = LOADADDR (.data)

.data           0x0000000020000000        0xc load address 0x0000000008001b80
                0x0000000020000000                . = ALIGN (0x4)
                0x0000000020000000                _sdata = .
 *(.data)
 *(.data*)
 .data.SystemCoreClock
                0x0000000020000000        0x4 Core/Src/system_stm32f4xx.o
                0x0000000020000000                SystemCoreClock
 .data.uwTickPrio
                0x0000000020000004        0x4 Drivers/STM32F4xx_HAL_Driver/Src/stm32f4xx_hal.o
                0x0000000020000004                uwTickPrio
 .data.uwTickFreq
                0x0000000020000008        0x1 Drivers/STM32F4xx_HAL_Driver/Src/stm32f4xx_hal.o
                0x0000000020000008                uwTickFreq
                0x000000002000000c                . = ALIGN (0x4)
 *fill*         0x0000000020000009        0x3 
                0x000000002000000c                _edata = .

.igot.plt       0x000000002000000c        0x0 load address 0x0000000008001b8c
 .igot.plt      0x000000002000000c        0x0 d:/programs/st/stm32cubeide_1.4.0/stm32cubeide/plugins/com.st.stm32cube.ide.mcu.externaltools.gnu-tools-for-stm32.7-2018-q2-update.win32_1.4.0.202007081208/tools/bin/../lib/gcc/arm-none-eabi/7.3.1/thumb/v7e-m/fpv4-sp/hard/crtbegin.o
                0x000000002000000c                . = ALIGN (0x4)

.bss            0x000000002000000c       0xec load address 0x0000000008001b8c
                0x000000002000000c                _sbss = .
                0x000000002000000c                __bss_start__ = _sbss
 *(.bss)
 .bss           0x000000002000000c       0x1c d:/programs/st/stm32cubeide_1.4.0/stm32cubeide/plugins/com.st.stm32cube.ide.mcu.externaltools.gnu-tools-for-stm32.7-2018-q2-update.win32_1.4.0.202007081208/tools/bin/../lib/gcc/arm-none-eabi/7.3.1/thumb/v7e-m/fpv4-sp/hard/crtbegin.o
 *(.bss*)
 .bss.pxCurrentTCB
                0x0000000020000028        0x4 ThirdParty/FreeRTOS/tasks.o
                0x0000000020000028                pxCurrentTCB
 .bss.pxReadyTasksLists
                0x000000002000002c       0x64 ThirdParty/FreeRTOS/tasks.o
 .bss.pxDelayedTaskList
                0x0000000020000090        0x4 ThirdParty/FreeRTOS/tasks.o
 .bss.pxOverflowDelayedTaskList
                0x0000000020000094        0x4 ThirdParty/FreeRTOS/tasks.o
 .bss.xTickCount
                0x0000000020000098        0x4 ThirdParty/FreeRTOS/tasks.o
 .bss.uxTopReadyPriority
                0x000000002000009c        0x4 ThirdParty/FreeRTOS/tasks.o
 .bss.xPendedTicks
                0x00000000200000a0        0x4 ThirdParty/FreeRTOS/tasks.o
 .bss.xYieldPending
                0x00000000200000a4        0x4 ThirdParty/FreeRTOS/tasks.o
 .bss.xNumOfOverflows
                0x00000000200000a8        0x4 ThirdParty/FreeRTOS/tasks.o
 .bss.xNextTaskUnblockTime
                0x00000000200000ac        0x4 ThirdParty/FreeRTOS/tasks.o
 .bss.uxSchedulerSuspended
                0x00000000200000b0        0x4 ThirdParty/FreeRTOS/tasks.o
 *(COMMON)
 COMMON         0x00000000200000b4       0x40 Core/Src/stm32f4xx_hal_timebase_tim.o
                0x00000000200000b4                htim6
 COMMON         0x00000000200000f4        0x4 Drivers/STM32F4xx_HAL_Driver/Src/stm32f4xx_hal.o
                0x00000000200000f4                uwTick
                0x00000000200000f8                . = ALIGN (0x4)
                0x00000000200000f8                _ebss = .
                0x00000000200000f8                __bss_end__ = _ebss

._user_heap_stack
                0x00000000200000f8      0x600 load address 0x0000000008001b8c
                0x00000000200000f8                . = ALIGN (0x8)
                [!provide]                        PROVIDE (end = .)
                [!provide]                        PROVIDE (_end = .)
                0x00000000200002f8                . = (. + _Min_Heap_Size)
 *fill*         0x00000000200000f8      0x200 
                0x00000000200006f8                . = (. + _Min_Stack_Size)
 *fill*         0x00000000200002f8      0x400 
                0x00000000200006f8                . = ALIGN (0x8)

/DISCARD/
 libc.a(*)
 libm.a(*)
 libgcc.a(*)

.ARM.attributes
                0x0000000000000000       0x30
 *(.ARM.attributes)
 .ARM.attributes
                0x0000000000000000       0x22 d:/programs/st/stm32cubeide_1.4.0/stm32cubeide/plugins/com.st.stm32cube.ide.mcu.externaltools.gnu-tools-for-stm32.7-2018-q2-update.win32_1.4.0.202007081208/tools/bin/../lib/gcc/arm-none-eabi/7.3.1/thumb/v7e-m/fpv4-sp/hard/crti.o
 .ARM.attributes
                0x0000000000000022       0x34 d:/programs/st/stm32cubeide_1.4.0/stm32cubeide/plugins/com.st.stm32cube.ide.mcu.externaltools.gnu-tools-for-stm32.7-2018-q2-update.win32_1.4.0.202007081208/tools/bin/../lib/gcc/arm-none-eabi/7.3.1/thumb/v7e-m/fpv4-sp/hard/crtbegin.o
 .ARM.attributes
                0x0000000000000056       0x39 Core/Src/main.o
 .ARM.attributes
                0x000000000000008f       0x39 Core/Src/stm32f4xx_hal_msp.o
 .ARM.attributes
                0x00000000000000c8       0x39 Core/Src/stm32f4xx_hal_timebase_tim.o
 .ARM.attributes
                0x0000000000000101       0x39 Core/Src/stm32f4xx_it.o
 .ARM.attributes
                0x000000000000013a       0x39 Core/Src/system_stm32f4xx.o
 .ARM.attributes
                0x0000000000000173       0x21 Core/Startup/startup_stm32f407vgtx.o
 .ARM.attributes
                0x0000000000000194       0x39 Drivers/STM32F4xx_HAL_Driver/Src/stm32f4xx_hal.o
 .ARM.attributes
                0x00000000000001cd       0x39 Drivers/STM32F4xx_HAL_Driver/Src/stm32f4xx_hal_cortex.o
 .ARM.attributes
                0x0000000000000206       0x39 Drivers/STM32F4xx_HAL_Driver/Src/stm32f4xx_hal_rcc.o
 .ARM.attributes
                0x000000000000023f       0x39 Drivers/STM32F4xx_HAL_Driver/Src/stm32f4xx_hal_tim.o
 .ARM.attributes
                0x0000000000000278       0x39 Drivers/STM32F4xx_HAL_Driver/Src/stm32f4xx_hal_tim_ex.o
 .ARM.attributes
                0x00000000000002b1       0x39 ThirdParty/FreeRTOS/list.o
 .ARM.attributes
                0x00000000000002ea       0x39 ThirdParty/FreeRTOS/tasks.o
 .ARM.attributes
                0x0000000000000323       0x39 ThirdParty/FreeRTOS/portable/GCC/ARM_CM4F/port.o
 .ARM.attributes
                0x000000000000035c       0x34 d:/programs/st/stm32cubeide_1.4.0/stm32cubeide/plugins/com.st.stm32cube.ide.mcu.externaltools.gnu-tools-for-stm32.7-2018-q2-update.win32_1.4.0.202007081208/tools/bin/../lib/gcc/arm-none-eabi/7.3.1/../../../../arm-none-eabi/lib/thumb/v7e-m/fpv4-sp/hard\libc_nano.a(lib_a-init.o)
 .ARM.attributes
                0x0000000000000390       0x34 d:/programs/st/stm32cubeide_1.4.0/stm32cubeide/plugins/com.st.stm32cube.ide.mcu.externaltools.gnu-tools-for-stm32.7-2018-q2-update.win32_1.4.0.202007081208/tools/bin/../lib/gcc/arm-none-eabi/7.3.1/../../../../arm-none-eabi/lib/thumb/v7e-m/fpv4-sp/hard\libc_nano.a(lib_a-memset.o)
 .ARM.attributes
                0x00000000000003c4       0x22 d:/programs/st/stm32cubeide_1.4.0/stm32cubeide/plugins/com.st.stm32cube.ide.mcu.externaltools.gnu-tools-for-stm32.7-2018-q2-update.win32_1.4.0.202007081208/tools/bin/../lib/gcc/arm-none-eabi/7.3.1/thumb/v7e-m/fpv4-sp/hard\libgcc.a(_aeabi_uldivmod.o)
 .ARM.attributes
                0x00000000000003e6       0x34 d:/programs/st/stm32cubeide_1.4.0/stm32cubeide/plugins/com.st.stm32cube.ide.mcu.externaltools.gnu-tools-for-stm32.7-2018-q2-update.win32_1.4.0.202007081208/tools/bin/../lib/gcc/arm-none-eabi/7.3.1/thumb/v7e-m/fpv4-sp/hard\libgcc.a(_udivmoddi4.o)
 .ARM.attributes
                0x000000000000041a       0x22 d:/programs/st/stm32cubeide_1.4.0/stm32cubeide/plugins/com.st.stm32cube.ide.mcu.externaltools.gnu-tools-for-stm32.7-2018-q2-update.win32_1.4.0.202007081208/tools/bin/../lib/gcc/arm-none-eabi/7.3.1/thumb/v7e-m/fpv4-sp/hard\libgcc.a(_dvmd_tls.o)
 .ARM.attributes
                0x000000000000043c       0x22 d:/programs/st/stm32cubeide_1.4.0/stm32cubeide/plugins/com.st.stm32cube.ide.mcu.externaltools.gnu-tools-for-stm32.7-2018-q2-update.win32_1.4.0.202007081208/tools/bin/../lib/gcc/arm-none-eabi/7.3.1/thumb/v7e-m/fpv4-sp/hard/crtn.o
OUTPUT(FreeRTOS.elf elf32-littlearm)

.debug_info     0x0000000000000000     0xb54d
 .debug_info    0x0000000000000000      0xa03 Core/Src/main.o
 .debug_info    0x0000000000000a03      0x362 Core/Src/stm32f4xx_hal_msp.o
 .debug_info    0x0000000000000d65      0xb2d Core/Src/stm32f4xx_hal_timebase_tim.o
 .debug_info    0x0000000000001892      0x6b8 Core/Src/stm32f4xx_it.o
 .debug_info    0x0000000000001f4a      0x554 Core/Src/system_stm32f4xx.o
 .debug_info    0x000000000000249e       0x22 Core/Startup/startup_stm32f407vgtx.o
 .debug_info    0x00000000000024c0      0x945 Drivers/STM32F4xx_HAL_Driver/Src/stm32f4xx_hal.o
 .debug_info    0x0000000000002e05      0xe28 Drivers/STM32F4xx_HAL_Driver/Src/stm32f4xx_hal_cortex.o
 .debug_info    0x0000000000003c2d      0x904 Drivers/STM32F4xx_HAL_Driver/Src/stm32f4xx_hal_rcc.o
 .debug_info    0x0000000000004531     0x24a9 Drivers/STM32F4xx_HAL_Driver/Src/stm32f4xx_hal_tim.o
 .debug_info    0x00000000000069da     0x1157 Drivers/STM32F4xx_HAL_Driver/Src/stm32f4xx_hal_tim_ex.o
 .debug_info    0x0000000000007b31      0xacb ThirdParty/FreeRTOS/list.o
 .debug_info    0x00000000000085fc     0x295f ThirdParty/FreeRTOS/tasks.o
 .debug_info    0x000000000000af5b      0x5f2 ThirdParty/FreeRTOS/portable/GCC/ARM_CM4F/port.o

.debug_abbrev   0x0000000000000000     0x1984
 .debug_abbrev  0x0000000000000000      0x1b7 Core/Src/main.o
 .debug_abbrev  0x00000000000001b7      0x109 Core/Src/stm32f4xx_hal_msp.o
 .debug_abbrev  0x00000000000002c0      0x19d Core/Src/stm32f4xx_hal_timebase_tim.o
 .debug_abbrev  0x000000000000045d      0x15a Core/Src/stm32f4xx_it.o
 .debug_abbrev  0x00000000000005b7      0x12b Core/Src/system_stm32f4xx.o
 .debug_abbrev  0x00000000000006e2       0x12 Core/Startup/startup_stm32f407vgtx.o
 .debug_abbrev  0x00000000000006f4      0x1c7 Drivers/STM32F4xx_HAL_Driver/Src/stm32f4xx_hal.o
 .debug_abbrev  0x00000000000008bb      0x2fa Drivers/STM32F4xx_HAL_Driver/Src/stm32f4xx_hal_cortex.o
 .debug_abbrev  0x0000000000000bb5      0x245 Drivers/STM32F4xx_HAL_Driver/Src/stm32f4xx_hal_rcc.o
 .debug_abbrev  0x0000000000000dfa      0x230 Drivers/STM32F4xx_HAL_Driver/Src/stm32f4xx_hal_tim.o
 .debug_abbrev  0x000000000000102a      0x21e Drivers/STM32F4xx_HAL_Driver/Src/stm32f4xx_hal_tim_ex.o
 .debug_abbrev  0x0000000000001248      0x1cf ThirdParty/FreeRTOS/list.o
 .debug_abbrev  0x0000000000001417      0x35d ThirdParty/FreeRTOS/tasks.o
 .debug_abbrev  0x0000000000001774      0x210 ThirdParty/FreeRTOS/portable/GCC/ARM_CM4F/port.o

.debug_aranges  0x0000000000000000      0xb70
 .debug_aranges
                0x0000000000000000       0x38 Core/Src/main.o
 .debug_aranges
                0x0000000000000038       0x20 Core/Src/stm32f4xx_hal_msp.o
 .debug_aranges
                0x0000000000000058       0x30 Core/Src/stm32f4xx_hal_timebase_tim.o
 .debug_aranges
                0x0000000000000088       0x50 Core/Src/stm32f4xx_it.o
 .debug_aranges
                0x00000000000000d8       0x28 Core/Src/system_stm32f4xx.o
 .debug_aranges
                0x0000000000000100       0x28 Core/Startup/startup_stm32f407vgtx.o
 .debug_aranges
                0x0000000000000128       0xf0 Drivers/STM32F4xx_HAL_Driver/Src/stm32f4xx_hal.o
 .debug_aranges
                0x0000000000000218      0x118 Drivers/STM32F4xx_HAL_Driver/Src/stm32f4xx_hal_cortex.o
 .debug_aranges
                0x0000000000000330       0x88 Drivers/STM32F4xx_HAL_Driver/Src/stm32f4xx_hal_rcc.o
 .debug_aranges
                0x00000000000003b8      0x3a8 Drivers/STM32F4xx_HAL_Driver/Src/stm32f4xx_hal_tim.o
 .debug_aranges
                0x0000000000000760      0x150 Drivers/STM32F4xx_HAL_Driver/Src/stm32f4xx_hal_tim_ex.o
 .debug_aranges
                0x00000000000008b0       0x40 ThirdParty/FreeRTOS/list.o
 .debug_aranges
                0x00000000000008f0      0x1f8 ThirdParty/FreeRTOS/tasks.o
 .debug_aranges
                0x0000000000000ae8       0x88 ThirdParty/FreeRTOS/portable/GCC/ARM_CM4F/port.o

.debug_ranges   0x0000000000000000      0xa98
 .debug_ranges  0x0000000000000000       0x28 Core/Src/main.o
 .debug_ranges  0x0000000000000028       0x10 Core/Src/stm32f4xx_hal_msp.o
 .debug_ranges  0x0000000000000038       0x20 Core/Src/stm32f4xx_hal_timebase_tim.o
 .debug_ranges  0x0000000000000058       0x40 Core/Src/stm32f4xx_it.o
 .debug_ranges  0x0000000000000098       0x18 Core/Src/system_stm32f4xx.o
 .debug_ranges  0x00000000000000b0       0x20 Core/Startup/startup_stm32f407vgtx.o
 .debug_ranges  0x00000000000000d0       0xe0 Drivers/STM32F4xx_HAL_Driver/Src/stm32f4xx_hal.o
 .debug_ranges  0x00000000000001b0      0x108 Drivers/STM32F4xx_HAL_Driver/Src/stm32f4xx_hal_cortex.o
 .debug_ranges  0x00000000000002b8       0x78 Drivers/STM32F4xx_HAL_Driver/Src/stm32f4xx_hal_rcc.o
 .debug_ranges  0x0000000000000330      0x398 Drivers/STM32F4xx_HAL_Driver/Src/stm32f4xx_hal_tim.o
 .debug_ranges  0x00000000000006c8      0x140 Drivers/STM32F4xx_HAL_Driver/Src/stm32f4xx_hal_tim_ex.o
 .debug_ranges  0x0000000000000808       0x30 ThirdParty/FreeRTOS/list.o
 .debug_ranges  0x0000000000000838      0x1e8 ThirdParty/FreeRTOS/tasks.o
 .debug_ranges  0x0000000000000a20       0x78 ThirdParty/FreeRTOS/portable/GCC/ARM_CM4F/port.o

.debug_macro    0x0000000000000000    0x1fea9
 .debug_macro   0x0000000000000000      0x1ce Core/Src/main.o
 .debug_macro   0x00000000000001ce      0xa5a Core/Src/main.o
 .debug_macro   0x0000000000000c28      0x28e Core/Src/main.o
 .debug_macro   0x0000000000000eb6       0x2e Core/Src/main.o
 .debug_macro   0x0000000000000ee4       0x2f Core/Src/main.o
 .debug_macro   0x0000000000000f13       0x22 Core/Src/main.o
 .debug_macro   0x0000000000000f35       0x8e Core/Src/main.o
 .debug_macro   0x0000000000000fc3       0x51 Core/Src/main.o
 .debug_macro   0x0000000000001014       0xef Core/Src/main.o
 .debug_macro   0x0000000000001103       0x6a Core/Src/main.o
 .debug_macro   0x000000000000116d      0x1df Core/Src/main.o
 .debug_macro   0x000000000000134c       0x1c Core/Src/main.o
 .debug_macro   0x0000000000001368       0x22 Core/Src/main.o
 .debug_macro   0x000000000000138a       0xdf Core/Src/main.o
 .debug_macro   0x0000000000001469     0x102d Core/Src/main.o
 .debug_macro   0x0000000000002496      0x11f Core/Src/main.o
 .debug_macro   0x00000000000025b5    0x15e3c Core/Src/main.o
 .debug_macro   0x00000000000183f1       0x43 Core/Src/main.o
 .debug_macro   0x0000000000018434     0x3659 Core/Src/main.o
 .debug_macro   0x000000000001ba8d      0x174 Core/Src/main.o
 .debug_macro   0x000000000001bc01       0x5a Core/Src/main.o
 .debug_macro   0x000000000001bc5b      0x96b Core/Src/main.o
 .debug_macro   0x000000000001c5c6      0x9fe Core/Src/main.o
 .debug_macro   0x000000000001cfc4      0x117 Core/Src/main.o
 .debug_macro   0x000000000001d0db      0x13e Core/Src/main.o
 .debug_macro   0x000000000001d219       0x27 Core/Src/main.o
 .debug_macro   0x000000000001d240      0x174 Core/Src/main.o
 .debug_macro   0x000000000001d3b4      0x287 Core/Src/main.o
 .debug_macro   0x000000000001d63b       0x5f Core/Src/main.o
 .debug_macro   0x000000000001d69a      0x236 Core/Src/main.o
 .debug_macro   0x000000000001d8d0      0x12c Core/Src/main.o
 .debug_macro   0x000000000001d9fc      0x21e Core/Src/main.o
 .debug_macro   0x000000000001dc1a       0x2e Core/Src/main.o
 .debug_macro   0x000000000001dc48      0x11a Core/Src/main.o
 .debug_macro   0x000000000001dd62       0x7e Core/Src/main.o
 .debug_macro   0x000000000001dde0       0x89 Core/Src/main.o
 .debug_macro   0x000000000001de69      0x8a0 Core/Src/main.o
 .debug_macro   0x000000000001e709       0x47 Core/Src/main.o
 .debug_macro   0x000000000001e750      0x12d Core/Src/main.o
 .debug_macro   0x000000000001e87d      0x1ce Core/Src/stm32f4xx_hal_msp.o
 .debug_macro   0x000000000001ea4b      0x1c4 Core/Src/stm32f4xx_hal_timebase_tim.o
 .debug_macro   0x000000000001ec0f      0x1d8 Core/Src/stm32f4xx_it.o
 .debug_macro   0x000000000001ede7      0x1ca Core/Src/system_stm32f4xx.o
 .debug_macro   0x000000000001efb1      0x224 Drivers/STM32F4xx_HAL_Driver/Src/stm32f4xx_hal.o
 .debug_macro   0x000000000001f1d5      0x1c4 Drivers/STM32F4xx_HAL_Driver/Src/stm32f4xx_hal_cortex.o
 .debug_macro   0x000000000001f399      0x1e8 Drivers/STM32F4xx_HAL_Driver/Src/stm32f4xx_hal_rcc.o
 .debug_macro   0x000000000001f581      0x1c5 Drivers/STM32F4xx_HAL_Driver/Src/stm32f4xx_hal_tim.o
 .debug_macro   0x000000000001f746      0x1c4 Drivers/STM32F4xx_HAL_Driver/Src/stm32f4xx_hal_tim_ex.o
 .debug_macro   0x000000000001f90a      0x186 ThirdParty/FreeRTOS/list.o
 .debug_macro   0x000000000001fa90      0x273 ThirdParty/FreeRTOS/tasks.o
 .debug_macro   0x000000000001fd03       0x10 ThirdParty/FreeRTOS/tasks.o
 .debug_macro   0x000000000001fd13      0x196 ThirdParty/FreeRTOS/portable/GCC/ARM_CM4F/port.o

.debug_line     0x0000000000000000     0x8872
 .debug_line    0x0000000000000000      0x70b Core/Src/main.o
 .debug_line    0x000000000000070b      0x6cd Core/Src/stm32f4xx_hal_msp.o
 .debug_line    0x0000000000000dd8      0x701 Core/Src/stm32f4xx_hal_timebase_tim.o
 .debug_line    0x00000000000014d9      0x74f Core/Src/stm32f4xx_it.o
 .debug_line    0x0000000000001c28      0x6e8 Core/Src/system_stm32f4xx.o
 .debug_line    0x0000000000002310       0x85 Core/Startup/startup_stm32f407vgtx.o
 .debug_line    0x0000000000002395      0x8d2 Drivers/STM32F4xx_HAL_Driver/Src/stm32f4xx_hal.o
 .debug_line    0x0000000000002c67      0x9f6 Drivers/STM32F4xx_HAL_Driver/Src/stm32f4xx_hal_cortex.o
 .debug_line    0x000000000000365d      0x92a Drivers/STM32F4xx_HAL_Driver/Src/stm32f4xx_hal_rcc.o
 .debug_line    0x0000000000003f87     0x194b Drivers/STM32F4xx_HAL_Driver/Src/stm32f4xx_hal_tim.o
 .debug_line    0x00000000000058d2      0xce8 Drivers/STM32F4xx_HAL_Driver/Src/stm32f4xx_hal_tim_ex.o
 .debug_line    0x00000000000065ba      0x6e1 ThirdParty/FreeRTOS/list.o
 .debug_line    0x0000000000006c9b     0x1427 ThirdParty/FreeRTOS/tasks.o
 .debug_line    0x00000000000080c2      0x7b0 ThirdParty/FreeRTOS/portable/GCC/ARM_CM4F/port.o

.debug_str      0x0000000000000000    0xcd225
 .debug_str     0x0000000000000000    0xc0903 Core/Src/main.o
                                      0xc0c0f (size before relaxing)
 .debug_str     0x00000000000c0903       0x2c Core/Src/stm32f4xx_hal_msp.o
                                      0xc0680 (size before relaxing)
 .debug_str     0x00000000000c092f      0x57b Core/Src/stm32f4xx_hal_timebase_tim.o
                                      0xc107d (size before relaxing)
 .debug_str     0x00000000000c0eaa       0xa6 Core/Src/stm32f4xx_it.o
                                      0xc0a1c (size before relaxing)
 .debug_str     0x00000000000c0f50       0xc4 Core/Src/system_stm32f4xx.o
                                      0xc0707 (size before relaxing)
 .debug_str     0x00000000000c1014       0x36 Core/Startup/startup_stm32f407vgtx.o
                                         0x67 (size before relaxing)
 .debug_str     0x00000000000c104a      0x549 Drivers/STM32F4xx_HAL_Driver/Src/stm32f4xx_hal.o
                                      0xc11d4 (size before relaxing)
 .debug_str     0x00000000000c1593      0x392 Drivers/STM32F4xx_HAL_Driver/Src/stm32f4xx_hal_cortex.o
                                      0xc0fc3 (size before relaxing)
 .debug_str     0x00000000000c1925      0x2c2 Drivers/STM32F4xx_HAL_Driver/Src/stm32f4xx_hal_rcc.o
                                      0xc0af4 (size before relaxing)
 .debug_str     0x00000000000c1be7      0xd6f Drivers/STM32F4xx_HAL_Driver/Src/stm32f4xx_hal_tim.o
                                      0xc1813 (size before relaxing)
 .debug_str     0x00000000000c2956      0x4ec Drivers/STM32F4xx_HAL_Driver/Src/stm32f4xx_hal_tim_ex.o
                                      0xc1013 (size before relaxing)
 .debug_str     0x00000000000c2e42     0x6b6b ThirdParty/FreeRTOS/list.o
                                       0xab34 (size before relaxing)
 .debug_str     0x00000000000c99ad     0x307d ThirdParty/FreeRTOS/tasks.o
                                       0xdbff (size before relaxing)
 .debug_str     0x00000000000cca2a      0x7fb ThirdParty/FreeRTOS/portable/GCC/ARM_CM4F/port.o
                                       0x9490 (size before relaxing)

.comment        0x0000000000000000       0x7b
 .comment       0x0000000000000000       0x7b Core/Src/main.o
                                         0x7c (size before relaxing)
 .comment       0x000000000000007b       0x7c Core/Src/stm32f4xx_hal_msp.o
 .comment       0x000000000000007b       0x7c Core/Src/stm32f4xx_hal_timebase_tim.o
 .comment       0x000000000000007b       0x7c Core/Src/stm32f4xx_it.o
 .comment       0x000000000000007b       0x7c Core/Src/system_stm32f4xx.o
 .comment       0x000000000000007b       0x7c Drivers/STM32F4xx_HAL_Driver/Src/stm32f4xx_hal.o
 .comment       0x000000000000007b       0x7c Drivers/STM32F4xx_HAL_Driver/Src/stm32f4xx_hal_cortex.o
 .comment       0x000000000000007b       0x7c Drivers/STM32F4xx_HAL_Driver/Src/stm32f4xx_hal_rcc.o
 .comment       0x000000000000007b       0x7c Drivers/STM32F4xx_HAL_Driver/Src/stm32f4xx_hal_tim.o
 .comment       0x000000000000007b       0x7c Drivers/STM32F4xx_HAL_Driver/Src/stm32f4xx_hal_tim_ex.o
 .comment       0x000000000000007b       0x7c ThirdParty/FreeRTOS/list.o
 .comment       0x000000000000007b       0x7c ThirdParty/FreeRTOS/tasks.o
 .comment       0x000000000000007b       0x7c ThirdParty/FreeRTOS/portable/GCC/ARM_CM4F/port.o

.debug_frame    0x0000000000000000     0x2efc
 .debug_frame   0x0000000000000000       0x94 Core/Src/main.o
 .debug_frame   0x0000000000000094       0x38 Core/Src/stm32f4xx_hal_msp.o
 .debug_frame   0x00000000000000cc       0x74 Core/Src/stm32f4xx_hal_timebase_tim.o
 .debug_frame   0x0000000000000140       0xcc Core/Src/stm32f4xx_it.o
 .debug_frame   0x000000000000020c       0x58 Core/Src/system_stm32f4xx.o
 .debug_frame   0x0000000000000264      0x374 Drivers/STM32F4xx_HAL_Driver/Src/stm32f4xx_hal.o
 .debug_frame   0x00000000000005d8      0x498 Drivers/STM32F4xx_HAL_Driver/Src/stm32f4xx_hal_cortex.o
 .debug_frame   0x0000000000000a70      0x1f0 Drivers/STM32F4xx_HAL_Driver/Src/stm32f4xx_hal_rcc.o
 .debug_frame   0x0000000000000c60     0x10f0 Drivers/STM32F4xx_HAL_Driver/Src/stm32f4xx_hal_tim.o
 .debug_frame   0x0000000000001d50      0x5c0 Drivers/STM32F4xx_HAL_Driver/Src/stm32f4xx_hal_tim_ex.o
 .debug_frame   0x0000000000002310       0xd8 ThirdParty/FreeRTOS/list.o
 .debug_frame   0x00000000000023e8      0x898 ThirdParty/FreeRTOS/tasks.o
 .debug_frame   0x0000000000002c80      0x1d0 ThirdParty/FreeRTOS/portable/GCC/ARM_CM4F/port.o
 .debug_frame   0x0000000000002e50       0x2c d:/programs/st/stm32cubeide_1.4.0/stm32cubeide/plugins/com.st.stm32cube.ide.mcu.externaltools.gnu-tools-for-stm32.7-2018-q2-update.win32_1.4.0.202007081208/tools/bin/../lib/gcc/arm-none-eabi/7.3.1/../../../../arm-none-eabi/lib/thumb/v7e-m/fpv4-sp/hard\libc_nano.a(lib_a-init.o)
 .debug_frame   0x0000000000002e7c       0x20 d:/programs/st/stm32cubeide_1.4.0/stm32cubeide/plugins/com.st.stm32cube.ide.mcu.externaltools.gnu-tools-for-stm32.7-2018-q2-update.win32_1.4.0.202007081208/tools/bin/../lib/gcc/arm-none-eabi/7.3.1/../../../../arm-none-eabi/lib/thumb/v7e-m/fpv4-sp/hard\libc_nano.a(lib_a-memset.o)
 .debug_frame   0x0000000000002e9c       0x2c d:/programs/st/stm32cubeide_1.4.0/stm32cubeide/plugins/com.st.stm32cube.ide.mcu.externaltools.gnu-tools-for-stm32.7-2018-q2-update.win32_1.4.0.202007081208/tools/bin/../lib/gcc/arm-none-eabi/7.3.1/thumb/v7e-m/fpv4-sp/hard\libgcc.a(_aeabi_uldivmod.o)
 .debug_frame   0x0000000000002ec8       0x34 d:/programs/st/stm32cubeide_1.4.0/stm32cubeide/plugins/com.st.stm32cube.ide.mcu.externaltools.gnu-tools-for-stm32.7-2018-q2-update.win32_1.4.0.202007081208/tools/bin/../lib/gcc/arm-none-eabi/7.3.1/thumb/v7e-m/fpv4-sp/hard\libgcc.a(_udivmoddi4.o)
